<html>
<body>
<pre>
<h1>µVision Build Log</h1>
<h2>Project:</h2>
C:\Users\CompaQ\Documents\WORK\TMP117_PRACTISE\TMP117.uvproj
Project File Date:  01/15/2020

<h2>Output:</h2>
Build target 'Target 1'
assembling Startup.s...
compiling I2C.C...
compiling main.c...
compiling TMP117.c...
linking...
Program Size: Code=2236 RO-data=32 RW-data=8 ZI-data=1256  
"TMP117.axf" - 0 Error(s), 0 Warning(s).
Build target 'Target 1'
assembling Startup.s...
compiling I2C.C...
compiling main.c...
compiling TMP117.c...
linking...
Program Size: Code=2236 RO-data=32 RW-data=8 ZI-data=1256  
"TMP117.axf" - 0 Error(s), 0 Warning(s).
Build target 'Target 1'
assembling Startup.s...
compiling I2C.C...
compiling main.c...
compiling TMP117.c...
linking...
Program Size: Code=2236 RO-data=32 RW-data=8 ZI-data=1256  
"TMP117.axf" - 0 Error(s), 0 Warning(s).
Build target 'Target 1'
assembling Startup.s...
compiling I2C.C...
compiling main.c...
compiling TMP117.c...
linking...
Program Size: Code=2236 RO-data=32 RW-data=8 ZI-data=1256  
"TMP117.axf" - 0 Error(s), 0 Warning(s).
Build target 'Target 1'
assembling Startup.s...
compiling I2C.C...
compiling main.c...
compiling TMP117.c...
linking...
Program Size: Code=2236 RO-data=32 RW-data=8 ZI-data=1256  
"TMP117.axf" - 0 Error(s), 0 Warning(s).
